mode: set
api-passirence/internal/apperror/apperror.go:11.35,13.2 1 1
api-passirence/internal/apperror/apperror.go:15.58,21.2 1 1
api-passirence/internal/apperror/apperror.go:23.43,25.2 1 1
api-passirence/internal/apperror/apperror.go:27.41,29.2 1 1
api-passirence/internal/apperror/apperror.go:31.41,33.2 1 1
api-passirence/internal/apperror/apperror.go:35.42,37.2 1 1
api-passirence/internal/apperror/apperror.go:39.41,41.2 1 1
api-passirence/internal/apperror/apperror.go:43.38,45.29 2 1
api-passirence/internal/apperror/apperror.go:45.29,47.3 1 1
api-passirence/internal/apperror/apperror.go:48.2,48.45 1 1
api-passirence/internal/phone/normalize.go:8.35,10.2 1 1
api-passirence/internal/repositories/appointment_repository.go:12.107,17.24 3 0
api-passirence/internal/repositories/appointment_repository.go:17.24,19.3 1 0
api-passirence/internal/repositories/appointment_repository.go:20.2,20.32 1 0
api-passirence/internal/repositories/appointment_repository.go:20.32,22.3 1 0
api-passirence/internal/repositories/appointment_repository.go:23.2,23.26 1 0
api-passirence/internal/repositories/appointment_repository.go:23.26,25.3 1 0
api-passirence/internal/repositories/appointment_repository.go:26.2,26.26 1 0
api-passirence/internal/repositories/appointment_repository.go:26.26,28.3 1 0
api-passirence/internal/repositories/appointment_repository.go:30.2,34.26 2 0
api-passirence/internal/repositories/appointment_repository.go:44.33,52.30 3 0
api-passirence/internal/repositories/appointment_repository.go:52.30,54.3 1 0
api-passirence/internal/repositories/appointment_repository.go:56.2,56.56 1 0
api-passirence/internal/repositories/appointment_repository.go:56.56,58.3 1 0
api-passirence/internal/repositories/appointment_repository.go:60.2,60.69 1 0
api-passirence/internal/repositories/appointment_repository.go:67.9,68.74 1 0
api-passirence/internal/repositories/appointment_repository.go:68.74,69.54 1 0
api-passirence/internal/repositories/appointment_repository.go:69.54,71.4 1 0
api-passirence/internal/repositories/appointment_repository.go:73.3,74.40 2 0
api-passirence/internal/repositories/appointment_repository.go:74.40,79.4 1 0
api-passirence/internal/repositories/appointment_repository.go:81.3,81.33 1 0
api-passirence/internal/repositories/appointment_repository.go:89.9,90.74 1 0
api-passirence/internal/repositories/appointment_repository.go:90.74,91.52 1 0
api-passirence/internal/repositories/appointment_repository.go:91.52,93.4 1 0
api-passirence/internal/repositories/appointment_repository.go:95.3,96.59 1 0
api-passirence/internal/repositories/appointment_repository.go:96.59,98.4 1 0
api-passirence/internal/repositories/appointment_repository.go:100.3,100.27 1 0
api-passirence/internal/repositories/appointment_repository.go:100.27,102.4 1 0
api-passirence/internal/repositories/appointment_repository.go:104.3,105.40 2 0
api-passirence/internal/repositories/appointment_repository.go:105.40,110.4 1 0
api-passirence/internal/repositories/appointment_repository.go:112.3,112.33 1 0
api-passirence/internal/repositories/appointment_repository.go:116.83,123.16 3 0
api-passirence/internal/repositories/appointment_repository.go:123.16,125.3 1 0
api-passirence/internal/repositories/appointment_repository.go:127.2,127.26 1 0
api-passirence/internal/repositories/appointment_repository.go:130.80,137.2 1 0
api-passirence/internal/repositories/cliente_repository.go:9.46,13.2 3 0
api-passirence/internal/repositories/cliente_repository.go:15.81,16.19 1 0
api-passirence/internal/repositories/cliente_repository.go:16.19,18.3 1 0
api-passirence/internal/repositories/cliente_repository.go:20.2,22.22 3 0
api-passirence/internal/repositories/cliente_repository.go:25.52,29.2 3 0
api-passirence/internal/repositories/cliente_repository.go:31.51,33.2 1 0
api-passirence/internal/repositories/cliente_repository.go:35.51,37.2 1 0
api-passirence/internal/repositories/cliente_repository.go:39.51,41.2 1 0
api-passirence/internal/repositories/cliente_repository.go:43.75,47.2 3 0
api-passirence/internal/repositories/cliente_repository.go:50.90,56.2 3 0
api-passirence/internal/repositories/cliente_repository.go:58.61,60.2 1 0
api-passirence/internal/repositories/profissional_repository.go:9.56,16.2 3 0
api-passirence/internal/repositories/profissional_repository.go:18.91,19.19 1 0
api-passirence/internal/repositories/profissional_repository.go:19.19,21.3 1 0
api-passirence/internal/repositories/profissional_repository.go:23.2,25.27 3 0
api-passirence/internal/repositories/profissional_repository.go:28.62,35.2 3 0
api-passirence/internal/repositories/profissional_repository.go:37.66,40.2 1 0
api-passirence/internal/repositories/profissional_repository.go:42.66,45.2 1 0
api-passirence/internal/repositories/profissional_repository.go:47.66,50.2 1 0
api-passirence/internal/repositories/profissional_repository.go:52.85,56.2 3 0
api-passirence/internal/repositories/profissional_repository.go:58.76,61.2 1 0
api-passirence/internal/repositories/schedule_block_repository.go:10.82,12.2 1 0
api-passirence/internal/repositories/schedule_block_repository.go:14.82,16.2 1 0
api-passirence/internal/repositories/schedule_block_repository.go:18.61,20.2 1 0
api-passirence/internal/repositories/schedule_block_repository.go:22.87,25.16 3 0
api-passirence/internal/repositories/schedule_block_repository.go:25.16,27.3 1 0
api-passirence/internal/repositories/schedule_block_repository.go:28.2,28.20 1 0
api-passirence/internal/repositories/schedule_block_repository.go:31.115,34.34 2 0
api-passirence/internal/repositories/schedule_block_repository.go:34.34,36.3 1 0
api-passirence/internal/repositories/schedule_block_repository.go:38.2,38.23 1 0
api-passirence/internal/repositories/schedule_block_repository.go:38.23,40.3 1 0
api-passirence/internal/repositories/schedule_block_repository.go:42.2,42.31 1 0
api-passirence/internal/repositories/schedule_block_repository.go:42.31,44.3 1 0
api-passirence/internal/repositories/schedule_block_repository.go:46.2,46.23 1 0
api-passirence/internal/repositories/schedule_block_repository.go:46.23,48.3 1 0
api-passirence/internal/repositories/schedule_block_repository.go:50.2,52.20 3 0
api-passirence/internal/repositories/schedule_block_repository.go:60.35,72.2 3 0
api-passirence/internal/repositories/schedule_block_repository.go:74.108,86.2 3 0
api-passirence/internal/repositories/schedule_block_repository.go:92.35,95.19 2 0
api-passirence/internal/repositories/schedule_block_repository.go:95.19,97.3 1 0
api-passirence/internal/repositories/schedule_block_repository.go:99.2,99.33 1 0
api-passirence/internal/repositories/schedule_block_repository.go:99.33,101.3 1 0
api-passirence/internal/repositories/schedule_block_repository.go:101.8,103.3 1 0
api-passirence/internal/repositories/schedule_block_repository.go:105.2,105.23 1 0
api-passirence/internal/repositories/schedule_block_repository.go:105.23,106.27 1 0
api-passirence/internal/repositories/schedule_block_repository.go:106.27,108.4 1 0
api-passirence/internal/repositories/schedule_block_repository.go:109.3,109.81 1 0
api-passirence/internal/repositories/schedule_block_repository.go:110.8,111.24 1 0
api-passirence/internal/repositories/schedule_block_repository.go:111.24,113.4 1 0
api-passirence/internal/repositories/schedule_block_repository.go:114.3,114.75 1 0
api-passirence/internal/repositories/schedule_block_repository.go:117.2,119.20 3 0
api-passirence/internal/repositories/service_repository.go:9.51,12.2 1 0
api-passirence/internal/repositories/service_repository.go:14.46,21.2 3 0
api-passirence/internal/repositories/service_repository.go:23.34,26.2 1 0
api-passirence/internal/repositories/service_repository.go:28.51,31.2 1 0
api-passirence/internal/repositories/service_repository.go:33.81,39.2 3 0
api-passirence/internal/repositories/settings_repository.go:12.75,19.16 3 0
api-passirence/internal/repositories/settings_repository.go:19.16,21.3 1 0
api-passirence/internal/repositories/settings_repository.go:23.2,23.23 1 0
api-passirence/internal/repositories/settings_repository.go:30.9,31.74 1 0
api-passirence/internal/repositories/settings_repository.go:31.74,32.23 1 0
api-passirence/internal/repositories/settings_repository.go:32.23,33.52 1 0
api-passirence/internal/repositories/settings_repository.go:33.52,35.5 1 0
api-passirence/internal/repositories/settings_repository.go:36.9,36.56 1 0
api-passirence/internal/repositories/settings_repository.go:36.56,38.4 1 0
api-passirence/internal/repositories/settings_repository.go:40.3,41.53 1 0
api-passirence/internal/repositories/settings_repository.go:41.53,43.4 1 0
api-passirence/internal/repositories/settings_repository.go:45.3,45.22 1 0
api-passirence/internal/repositories/settings_repository.go:45.22,47.4 1 0
api-passirence/internal/repositories/settings_repository.go:49.3,49.24 1 0
api-passirence/internal/repositories/settings_repository.go:49.24,52.4 2 0
api-passirence/internal/repositories/settings_repository.go:54.3,54.33 1 0
api-passirence/internal/repositories/settings_repository.go:58.39,60.2 1 0
api-passirence/internal/schedule/block.go:12.48,14.2 1 1
api-passirence/internal/schedule/block.go:16.57,17.38 1 1
api-passirence/internal/schedule/block.go:17.38,19.3 1 1
api-passirence/internal/schedule/block.go:21.2,22.16 2 1
api-passirence/internal/schedule/block.go:22.16,24.3 1 1
api-passirence/internal/schedule/block.go:26.2,27.16 2 1
api-passirence/internal/schedule/block.go:27.16,29.3 1 1
api-passirence/internal/schedule/block.go:31.2,31.35 1 1
api-passirence/internal/schedule/block.go:31.35,33.3 1 1
api-passirence/internal/schedule/block.go:35.2,35.18 1 1
api-passirence/internal/schedule/block.go:35.18,37.3 1 1
api-passirence/internal/schedule/block.go:39.2,39.12 1 1
api-passirence/internal/schedule/block.go:42.70,44.2 1 1
api-passirence/internal/schedule/block.go:46.77,48.31 2 1
api-passirence/internal/schedule/block.go:48.31,50.17 2 1
api-passirence/internal/schedule/block.go:50.17,52.4 1 1
api-passirence/internal/schedule/block.go:53.3,53.37 1 1
api-passirence/internal/schedule/block.go:55.2,55.20 1 1
api-passirence/internal/schedule/block.go:58.65,59.37 1 1
api-passirence/internal/schedule/block.go:59.37,60.37 1 1
api-passirence/internal/schedule/block.go:60.37,62.4 1 1
api-passirence/internal/schedule/block.go:64.2,64.14 1 1
api-passirence/internal/schedule/block.go:67.61,68.31 1 1
api-passirence/internal/schedule/block.go:68.31,69.48 1 1
api-passirence/internal/schedule/block.go:69.48,71.4 1 1
api-passirence/internal/schedule/block.go:73.2,73.14 1 1
api-passirence/internal/schedule/timeutil.go:19.68,21.2 1 1
api-passirence/internal/schedule/timeutil.go:23.49,25.16 2 1
api-passirence/internal/schedule/timeutil.go:25.16,27.3 1 1
api-passirence/internal/schedule/timeutil.go:28.2,28.38 1 1
api-passirence/internal/schedule/timeutil.go:31.42,35.2 3 1
api-passirence/internal/schedule/timeutil.go:37.66,39.16 2 1
api-passirence/internal/schedule/timeutil.go:39.16,41.3 1 1
api-passirence/internal/schedule/timeutil.go:42.2,42.46 1 1
api-passirence/internal/schedule/timeutil.go:45.36,47.2 1 1
api-passirence/internal/schedule/timeutil.go:50.72,51.53 1 1
api-passirence/internal/schedule/timeutil.go:51.53,53.3 1 1
api-passirence/internal/schedule/timeutil.go:55.2,56.64 2 1
api-passirence/internal/schedule/timeutil.go:56.64,58.3 1 1
api-passirence/internal/schedule/timeutil.go:59.2,59.14 1 1
api-passirence/internal/schedule/timeutil.go:63.68,65.2 1 1
api-passirence/internal/schedule/timeutil.go:68.77,70.21 2 1
api-passirence/internal/schedule/timeutil.go:70.21,72.3 1 1
api-passirence/internal/schedule/timeutil.go:74.2,77.33 3 1
api-passirence/internal/schedule/timeutil.go:77.33,79.43 2 1
api-passirence/internal/schedule/timeutil.go:79.43,80.12 1 0
api-passirence/internal/schedule/timeutil.go:82.3,82.41 1 1
api-passirence/internal/schedule/timeutil.go:82.41,83.12 1 1
api-passirence/internal/schedule/timeutil.go:85.3,86.39 2 1
api-passirence/internal/schedule/timeutil.go:89.2,89.17 1 1
api-passirence/internal/schedule/timeutil.go:93.53,97.48 3 1
api-passirence/internal/schedule/timeutil.go:97.48,98.38 1 1
api-passirence/internal/schedule/timeutil.go:98.38,99.12 1 1
api-passirence/internal/schedule/timeutil.go:101.3,102.32 2 1
api-passirence/internal/schedule/timeutil.go:105.2,106.15 2 1
api-passirence/internal/schedule/timeutil.go:110.95,114.2 3 1
api-passirence/internal/schedule/timeutil.go:116.70,118.32 2 1
api-passirence/internal/schedule/timeutil.go:118.32,119.36 1 1
api-passirence/internal/schedule/timeutil.go:119.36,121.4 1 1
api-passirence/internal/schedule/timeutil.go:123.2,123.13 1 1
api-passirence/internal/schedule/timeutil.go:126.81,128.29 2 1
api-passirence/internal/schedule/timeutil.go:128.29,129.44 1 1
api-passirence/internal/schedule/timeutil.go:129.44,131.4 1 1
api-passirence/internal/schedule/timeutil.go:133.2,133.15 1 1
api-passirence/internal/schedule/timeutil.go:138.103,139.21 1 1
api-passirence/internal/schedule/timeutil.go:139.21,141.3 1 1
api-passirence/internal/schedule/timeutil.go:143.2,144.16 2 1
api-passirence/internal/schedule/timeutil.go:144.16,146.3 1 1
api-passirence/internal/schedule/timeutil.go:148.2,151.31 4 1
api-passirence/internal/schedule/timeutil.go:151.31,153.3 1 1
api-passirence/internal/schedule/timeutil.go:155.2,157.29 3 1
api-passirence/internal/schedule/timeutil.go:157.29,159.17 2 1
api-passirence/internal/schedule/timeutil.go:159.17,160.12 1 1
api-passirence/internal/schedule/timeutil.go:162.3,162.32 1 1
api-passirence/internal/schedule/timeutil.go:162.32,164.4 1 1
api-passirence/internal/schedule/timeutil.go:167.2,167.17 1 1
api-passirence/internal/schedule/timeutil.go:170.65,172.16 2 1
api-passirence/internal/schedule/timeutil.go:172.16,174.3 1 1
api-passirence/internal/schedule/timeutil.go:175.2,176.16 2 1
api-passirence/internal/schedule/timeutil.go:176.16,178.3 1 0
api-passirence/internal/schedule/timeutil.go:179.2,179.47 1 1
api-passirence/internal/models/appointment.go:16.45,22.2 1 1
api-passirence/internal/models/appointment.go:25.55,26.52 1 1
api-passirence/internal/models/appointment.go:35.18,36.36 1 1
api-passirence/internal/models/appointment.go:41.16,42.36 1 1
api-passirence/internal/models/appointment.go:49.21,50.36 1 1
api-passirence/internal/models/appointment.go:51.10,52.36 1 1
api-passirence/internal/models/appointment.go:57.52,59.2 1 1
api-passirence/internal/models/appointment.go:62.83,63.28 1 1
api-passirence/internal/models/appointment.go:63.28,65.3 1 1
api-passirence/internal/models/appointment.go:66.2,67.43 2 1
api-passirence/internal/models/appointment.go:67.43,68.52 1 1
api-passirence/internal/models/appointment.go:68.52,70.4 1 1
api-passirence/internal/models/appointment.go:72.2,72.17 1 1
api-passirence/internal/models/appointment.go:89.39,91.2 1 0
api-passirence/internal/models/appointment.go:93.51,98.2 2 1
api-passirence/internal/models/appointment.go:101.52,103.2 1 1
api-passirence/internal/models/appointment.go:106.53,110.21 3 1
api-passirence/internal/models/appointment.go:110.21,112.3 1 1
api-passirence/internal/models/appointment.go:114.2,114.43 1 1
api-passirence/internal/models/appointment.go:114.43,116.3 1 1
api-passirence/internal/models/appointment.go:118.2,118.14 1 1
api-passirence/internal/models/appointment_service.go:9.46,11.2 1 0
api-passirence/internal/models/barber_shop_settings.go:11.46,13.2 1 0
api-passirence/internal/models/business_hour.go:16.40,18.2 1 0
api-passirence/internal/models/cliente.go:10.35,12.2 1 0
api-passirence/internal/models/profissional.go:10.40,12.2 1 0
api-passirence/internal/models/schedule_block.go:28.41,30.2 1 0
api-passirence/internal/response/response.go:22.49,24.2 1 1
api-passirence/internal/response/response.go:26.39,28.29 2 1
api-passirence/internal/response/response.go:28.29,36.3 2 1
api-passirence/internal/response/response.go:38.2,43.4 1 1
api-passirence/internal/database/appointment_status_migration.go:11.52,28.41 2 0
api-passirence/internal/database/appointment_status_migration.go:28.41,30.26 2 0
api-passirence/internal/database/appointment_status_migration.go:30.26,32.4 1 0
api-passirence/internal/database/appointment_status_migration.go:33.3,33.30 1 0
api-passirence/internal/database/appointment_status_migration.go:33.30,35.4 1 0
api-passirence/internal/database/appointment_status_migration.go:38.2,38.12 1 0
api-passirence/internal/database/postgres.go:16.24,32.16 3 0
api-passirence/internal/database/postgres.go:32.16,34.3 1 0
api-passirence/internal/database/postgres.go:36.2,40.48 3 0
api-passirence/internal/database/postgres.go:40.48,42.3 1 0
api-passirence/internal/database/postgres.go:45.39,55.16 1 0
api-passirence/internal/database/postgres.go:55.16,57.3 1 0
api-passirence/internal/database/postgres.go:59.2,59.55 1 0
api-passirence/internal/database/postgres.go:59.55,61.3 1 0
api-passirence/internal/database/postgres.go:63.2,63.32 1 0
api-passirence/internal/database/postgres.go:66.45,68.83 2 0
api-passirence/internal/database/postgres.go:68.83,70.3 1 0
api-passirence/internal/database/postgres.go:72.2,72.15 1 0
api-passirence/internal/database/postgres.go:72.15,74.3 1 0
api-passirence/internal/database/postgres.go:76.2,80.10 1 0
api-passirence/internal/config/whatsapp.go:27.42,29.19 2 0
api-passirence/internal/config/whatsapp.go:29.19,31.3 1 0
api-passirence/internal/config/whatsapp.go:33.2,34.57 2 0
api-passirence/internal/config/whatsapp.go:34.57,35.67 1 0
api-passirence/internal/config/whatsapp.go:35.67,37.4 1 0
api-passirence/internal/config/whatsapp.go:40.2,47.3 2 0
api-passirence/internal/handlers/appointment_handler.go:18.50,22.2 1 0
api-passirence/internal/handlers/appointment_handler.go:24.51,31.16 2 0
api-passirence/internal/handlers/appointment_handler.go:31.16,34.3 2 0
api-passirence/internal/handlers/appointment_handler.go:36.2,37.16 2 0
api-passirence/internal/handlers/appointment_handler.go:37.16,40.3 2 0
api-passirence/internal/handlers/appointment_handler.go:42.2,42.47 1 0
api-passirence/internal/handlers/appointment_handler.go:45.54,47.27 2 0
api-passirence/internal/handlers/appointment_handler.go:47.27,50.3 2 0
api-passirence/internal/handlers/appointment_handler.go:52.2,53.16 2 0
api-passirence/internal/handlers/appointment_handler.go:53.16,56.3 2 0
api-passirence/internal/handlers/appointment_handler.go:58.2,58.46 1 0
api-passirence/internal/handlers/appointment_handler.go:61.64,63.16 2 0
api-passirence/internal/handlers/appointment_handler.go:63.16,66.3 2 0
api-passirence/internal/handlers/appointment_handler.go:68.2,68.40 1 0
api-passirence/internal/handlers/appointment_handler.go:71.64,74.39 3 0
api-passirence/internal/handlers/appointment_handler.go:74.39,77.3 2 0
api-passirence/internal/handlers/appointment_handler.go:79.2,80.16 2 0
api-passirence/internal/handlers/appointment_handler.go:80.16,83.3 2 0
api-passirence/internal/handlers/appointment_handler.go:85.2,86.55 2 0
api-passirence/internal/handlers/appointment_handler.go:86.55,88.45 2 0
api-passirence/internal/handlers/appointment_handler.go:88.45,91.4 2 0
api-passirence/internal/handlers/appointment_handler.go:94.2,101.16 2 0
api-passirence/internal/handlers/appointment_handler.go:101.16,104.3 2 0
api-passirence/internal/handlers/appointment_handler.go:106.2,106.40 1 0
api-passirence/internal/handlers/appointment_handler.go:109.64,112.47 2 0
api-passirence/internal/handlers/appointment_handler.go:112.47,115.3 2 0
api-passirence/internal/handlers/appointment_handler.go:117.2,118.16 2 0
api-passirence/internal/handlers/appointment_handler.go:118.16,121.3 2 0
api-passirence/internal/handlers/appointment_handler.go:123.2,123.46 1 0
api-passirence/internal/handlers/appointment_handler.go:126.64,128.27 2 0
api-passirence/internal/handlers/appointment_handler.go:128.27,131.3 2 0
api-passirence/internal/handlers/appointment_handler.go:133.2,134.47 2 0
api-passirence/internal/handlers/appointment_handler.go:134.47,137.3 2 0
api-passirence/internal/handlers/appointment_handler.go:139.2,140.16 2 0
api-passirence/internal/handlers/appointment_handler.go:140.16,143.3 2 0
api-passirence/internal/handlers/appointment_handler.go:145.2,145.41 1 0
api-passirence/internal/handlers/appointment_handler.go:148.64,150.27 2 0
api-passirence/internal/handlers/appointment_handler.go:150.27,153.3 2 0
api-passirence/internal/handlers/appointment_handler.go:155.2,156.16 2 0
api-passirence/internal/handlers/appointment_handler.go:156.16,159.3 2 0
api-passirence/internal/handlers/appointment_handler.go:161.2,161.41 1 0
api-passirence/internal/handlers/appointment_handler.go:164.64,166.27 2 0
api-passirence/internal/handlers/appointment_handler.go:166.27,169.3 2 0
api-passirence/internal/handlers/appointment_handler.go:171.2,172.16 2 0
api-passirence/internal/handlers/appointment_handler.go:172.16,175.3 2 0
api-passirence/internal/handlers/appointment_handler.go:177.2,177.41 1 0
api-passirence/internal/handlers/cliente_handler.go:14.41,16.16 2 0
api-passirence/internal/handlers/cliente_handler.go:16.16,21.3 2 0
api-passirence/internal/handlers/cliente_handler.go:23.2,23.33 1 0
api-passirence/internal/handlers/cliente_handler.go:26.47,28.20 2 0
api-passirence/internal/handlers/cliente_handler.go:28.20,31.3 2 0
api-passirence/internal/handlers/cliente_handler.go:33.2,34.16 2 0
api-passirence/internal/handlers/cliente_handler.go:34.16,37.3 2 0
api-passirence/internal/handlers/cliente_handler.go:39.2,39.42 1 0
api-passirence/internal/handlers/cliente_handler.go:42.47,44.16 2 0
api-passirence/internal/handlers/cliente_handler.go:44.16,49.3 2 0
api-passirence/internal/handlers/cliente_handler.go:51.2,51.33 1 0
api-passirence/internal/handlers/cliente_handler.go:54.43,57.51 2 0
api-passirence/internal/handlers/cliente_handler.go:57.51,62.3 2 0
api-passirence/internal/handlers/cliente_handler.go:64.2,64.57 1 0
api-passirence/internal/handlers/cliente_handler.go:64.57,69.3 2 0
api-passirence/internal/handlers/cliente_handler.go:71.2,71.37 1 0
api-passirence/internal/handlers/cliente_handler.go:74.43,76.16 2 0
api-passirence/internal/handlers/cliente_handler.go:76.16,79.3 2 0
api-passirence/internal/handlers/cliente_handler.go:81.2,83.51 2 0
api-passirence/internal/handlers/cliente_handler.go:83.51,88.3 2 0
api-passirence/internal/handlers/cliente_handler.go:90.2,92.57 2 0
api-passirence/internal/handlers/cliente_handler.go:92.57,97.3 2 0
api-passirence/internal/handlers/cliente_handler.go:99.2,99.32 1 0
api-passirence/internal/handlers/cliente_handler.go:102.43,104.16 2 0
api-passirence/internal/handlers/cliente_handler.go:104.16,107.3 2 0
api-passirence/internal/handlers/cliente_handler.go:109.2,111.57 2 0
api-passirence/internal/handlers/cliente_handler.go:111.57,116.3 2 0
api-passirence/internal/handlers/cliente_handler.go:118.2,120.4 1 0
api-passirence/internal/handlers/cliente_handler.go:123.48,125.16 2 0
api-passirence/internal/handlers/cliente_handler.go:125.16,128.3 2 0
api-passirence/internal/handlers/cliente_handler.go:130.2,130.61 1 0
api-passirence/internal/handlers/cliente_handler.go:130.61,133.3 2 0
api-passirence/internal/handlers/cliente_handler.go:135.2,137.4 1 0
api-passirence/internal/handlers/profissional_handler.go:12.46,16.16 2 0
api-passirence/internal/handlers/profissional_handler.go:16.16,23.3 2 0
api-passirence/internal/handlers/profissional_handler.go:25.2,25.38 1 0
api-passirence/internal/handlers/profissional_handler.go:28.52,32.16 2 0
api-passirence/internal/handlers/profissional_handler.go:32.16,39.3 2 0
api-passirence/internal/handlers/profissional_handler.go:41.2,41.38 1 0
api-passirence/internal/handlers/profissional_handler.go:44.48,48.56 2 0
api-passirence/internal/handlers/profissional_handler.go:48.56,55.3 2 0
api-passirence/internal/handlers/profissional_handler.go:57.2,59.16 2 0
api-passirence/internal/handlers/profissional_handler.go:59.16,66.3 2 0
api-passirence/internal/handlers/profissional_handler.go:68.2,68.27 1 0
api-passirence/internal/handlers/profissional_handler.go:71.48,74.16 2 0
api-passirence/internal/handlers/profissional_handler.go:74.16,77.3 2 0
api-passirence/internal/handlers/profissional_handler.go:79.2,81.56 2 0
api-passirence/internal/handlers/profissional_handler.go:81.56,88.3 2 0
api-passirence/internal/handlers/profissional_handler.go:90.2,94.16 3 0
api-passirence/internal/handlers/profissional_handler.go:94.16,101.3 2 0
api-passirence/internal/handlers/profissional_handler.go:103.2,103.27 1 0
api-passirence/internal/handlers/profissional_handler.go:106.48,109.16 2 0
api-passirence/internal/handlers/profissional_handler.go:109.16,112.3 2 0
api-passirence/internal/handlers/profissional_handler.go:114.2,120.16 4 0
api-passirence/internal/handlers/profissional_handler.go:120.16,127.3 2 0
api-passirence/internal/handlers/profissional_handler.go:129.2,131.4 1 0
api-passirence/internal/handlers/profissional_handler.go:134.53,137.16 2 0
api-passirence/internal/handlers/profissional_handler.go:137.16,140.3 2 0
api-passirence/internal/handlers/profissional_handler.go:142.2,142.66 1 0
api-passirence/internal/handlers/profissional_handler.go:142.66,145.3 2 0
api-passirence/internal/handlers/profissional_handler.go:147.2,149.4 1 0
api-passirence/internal/handlers/schedule_block_handler.go:20.54,24.2 1 0
api-passirence/internal/handlers/schedule_block_handler.go:26.55,28.47 2 0
api-passirence/internal/handlers/schedule_block_handler.go:28.47,31.3 2 0
api-passirence/internal/handlers/schedule_block_handler.go:33.2,34.16 2 0
api-passirence/internal/handlers/schedule_block_handler.go:34.16,37.3 2 0
api-passirence/internal/handlers/schedule_block_handler.go:39.2,39.46 1 0
api-passirence/internal/handlers/schedule_block_handler.go:42.53,44.16 2 0
api-passirence/internal/handlers/schedule_block_handler.go:44.16,47.3 2 0
api-passirence/internal/handlers/schedule_block_handler.go:49.2,50.16 2 0
api-passirence/internal/handlers/schedule_block_handler.go:50.16,53.3 2 0
api-passirence/internal/handlers/schedule_block_handler.go:55.2,55.41 1 0
api-passirence/internal/handlers/schedule_block_handler.go:58.56,60.27 2 0
api-passirence/internal/handlers/schedule_block_handler.go:60.27,63.3 2 0
api-passirence/internal/handlers/schedule_block_handler.go:65.2,66.16 2 0
api-passirence/internal/handlers/schedule_block_handler.go:66.16,69.3 2 0
api-passirence/internal/handlers/schedule_block_handler.go:71.2,71.41 1 0
api-passirence/internal/handlers/schedule_block_handler.go:74.55,76.27 2 0
api-passirence/internal/handlers/schedule_block_handler.go:76.27,79.3 2 0
api-passirence/internal/handlers/schedule_block_handler.go:81.2,82.47 2 0
api-passirence/internal/handlers/schedule_block_handler.go:82.47,85.3 2 0
api-passirence/internal/handlers/schedule_block_handler.go:87.2,88.16 2 0
api-passirence/internal/handlers/schedule_block_handler.go:88.16,91.3 2 0
api-passirence/internal/handlers/schedule_block_handler.go:93.2,93.41 1 0
api-passirence/internal/handlers/schedule_block_handler.go:96.55,98.27 2 0
api-passirence/internal/handlers/schedule_block_handler.go:98.27,101.3 2 0
api-passirence/internal/handlers/schedule_block_handler.go:103.2,103.66 1 0
api-passirence/internal/handlers/schedule_block_handler.go:103.66,106.3 2 0
api-passirence/internal/handlers/schedule_block_handler.go:108.2,108.84 1 0
api-passirence/internal/handlers/schedule_block_handler.go:111.89,117.49 2 0
api-passirence/internal/handlers/schedule_block_handler.go:117.49,119.28 2 0
api-passirence/internal/handlers/schedule_block_handler.go:119.28,121.4 1 0
api-passirence/internal/handlers/schedule_block_handler.go:122.3,122.30 1 0
api-passirence/internal/handlers/schedule_block_handler.go:125.2,125.46 1 0
api-passirence/internal/handlers/schedule_block_handler.go:125.46,127.17 2 0
api-passirence/internal/handlers/schedule_block_handler.go:127.17,129.4 1 0
api-passirence/internal/handlers/schedule_block_handler.go:130.3,130.30 1 0
api-passirence/internal/handlers/schedule_block_handler.go:133.2,133.23 1 0
api-passirence/internal/handlers/schedule_block_handler.go:133.23,134.56 1 0
api-passirence/internal/handlers/schedule_block_handler.go:134.56,136.4 1 0
api-passirence/internal/handlers/schedule_block_handler.go:139.2,139.20 1 0
api-passirence/internal/handlers/schedule_block_handler.go:142.43,143.65 1 0
api-passirence/internal/handlers/schedule_block_handler.go:143.65,145.3 1 0
api-passirence/internal/handlers/schedule_block_handler.go:146.2,146.12 1 0
api-passirence/internal/handlers/servico_handler.go:11.43,15.51 2 0
api-passirence/internal/handlers/servico_handler.go:15.51,22.3 2 0
api-passirence/internal/handlers/servico_handler.go:24.2,26.16 2 0
api-passirence/internal/handlers/servico_handler.go:26.16,33.3 2 0
api-passirence/internal/handlers/servico_handler.go:35.2,35.22 1 0
api-passirence/internal/handlers/servico_handler.go:38.44,42.16 2 0
api-passirence/internal/handlers/servico_handler.go:42.16,49.3 2 0
api-passirence/internal/handlers/servico_handler.go:51.2,51.23 1 0
api-passirence/internal/handlers/servico_handler.go:54.43,59.16 3 0
api-passirence/internal/handlers/servico_handler.go:59.16,62.3 2 0
api-passirence/internal/handlers/servico_handler.go:64.2,66.16 2 0
api-passirence/internal/handlers/servico_handler.go:66.16,73.3 2 0
api-passirence/internal/handlers/servico_handler.go:75.2,75.15 1 0
api-passirence/internal/handlers/servico_handler.go:78.43,81.16 2 0
api-passirence/internal/handlers/servico_handler.go:81.16,84.3 2 0
api-passirence/internal/handlers/servico_handler.go:86.2,88.51 2 0
api-passirence/internal/handlers/servico_handler.go:88.51,95.3 2 0
api-passirence/internal/handlers/servico_handler.go:97.2,101.16 3 0
api-passirence/internal/handlers/servico_handler.go:101.16,108.3 2 0
api-passirence/internal/handlers/servico_handler.go:110.2,110.22 1 0
api-passirence/internal/handlers/settings_handler.go:17.44,21.2 1 0
api-passirence/internal/handlers/settings_handler.go:23.55,25.16 2 0
api-passirence/internal/handlers/settings_handler.go:25.16,28.3 2 0
api-passirence/internal/handlers/settings_handler.go:30.2,30.41 1 0
api-passirence/internal/handlers/settings_handler.go:33.58,36.47 2 0
api-passirence/internal/handlers/settings_handler.go:36.47,39.3 2 0
api-passirence/internal/handlers/settings_handler.go:41.2,42.16 2 0
api-passirence/internal/handlers/settings_handler.go:42.16,45.3 2 0
api-passirence/internal/handlers/settings_handler.go:47.2,47.41 1 0
api-passirence/internal/integrations/whatsapp/client.go:22.51,31.2 1 0
api-passirence/internal/integrations/whatsapp/client.go:33.33,35.2 1 0
api-passirence/internal/integrations/whatsapp/client.go:40.9,42.2 1 0
api-passirence/internal/integrations/whatsapp/client.go:47.9,49.2 1 0
api-passirence/internal/integrations/whatsapp/client.go:51.76,52.16 1 0
api-passirence/internal/integrations/whatsapp/client.go:52.16,54.3 1 0
api-passirence/internal/integrations/whatsapp/client.go:56.2,57.16 2 0
api-passirence/internal/integrations/whatsapp/client.go:57.16,59.3 1 0
api-passirence/internal/integrations/whatsapp/client.go:61.2,63.16 3 0
api-passirence/internal/integrations/whatsapp/client.go:63.16,65.3 1 0
api-passirence/internal/integrations/whatsapp/client.go:67.2,68.20 2 0
api-passirence/internal/integrations/whatsapp/client.go:68.20,70.3 1 0
api-passirence/internal/integrations/whatsapp/client.go:72.2,73.16 2 0
api-passirence/internal/integrations/whatsapp/client.go:73.16,75.3 1 0
api-passirence/internal/integrations/whatsapp/client.go:76.2,80.53 3 0
api-passirence/internal/integrations/whatsapp/client.go:80.53,82.3 1 0
api-passirence/internal/integrations/whatsapp/client.go:84.2,85.70 2 0
api-passirence/internal/integrations/whatsapp/client.go:85.70,87.3 1 0
api-passirence/internal/integrations/whatsapp/client.go:89.2,89.81 1 0
api-passirence/internal/routes/appointment_routes.go:9.49,20.2 9 0
api-passirence/internal/routes/cliente_routes.go:9.45,13.2 3 0
api-passirence/internal/routes/cliente_routes.go:15.51,17.2 1 0
api-passirence/internal/routes/cliente_routes.go:19.51,21.2 1 0
api-passirence/internal/routes/cliente_routes.go:23.51,25.2 1 0
api-passirence/internal/routes/cliente_routes.go:27.61,29.2 1 0
api-passirence/internal/routes/profissional_routes.go:9.50,12.2 2 0
api-passirence/internal/routes/profissional_routes.go:14.56,16.2 1 0
api-passirence/internal/routes/profissional_routes.go:18.56,20.2 1 0
api-passirence/internal/routes/profissional_routes.go:22.56,24.2 1 0
api-passirence/internal/routes/profissional_routes.go:26.66,28.2 1 0
api-passirence/internal/routes/routes.go:7.33,36.2 23 0
api-passirence/internal/routes/schedule_block_routes.go:9.51,17.2 6 0
api-passirence/internal/routes/servico_routes.go:9.51,11.2 1 0
api-passirence/internal/routes/servico_routes.go:13.49,15.2 1 0
api-passirence/internal/routes/servico_routes.go:17.51,19.2 1 0
api-passirence/internal/routes/servico_routes.go:21.51,23.2 1 0
api-passirence/internal/routes/settings_routes.go:9.46,14.2 3 0
api-passirence/internal/services/appointment_mapper.go:14.39,15.28 1 0
api-passirence/internal/services/appointment_mapper.go:15.28,17.3 1 0
api-passirence/internal/services/appointment_mapper.go:19.2,23.43 4 0
api-passirence/internal/services/appointment_mapper.go:23.43,26.45 3 0
api-passirence/internal/services/appointment_mapper.go:26.45,28.4 1 0
api-passirence/internal/services/appointment_mapper.go:31.2,32.31 2 0
api-passirence/internal/services/appointment_mapper.go:32.31,34.3 1 0
api-passirence/internal/services/appointment_mapper.go:36.2,37.16 2 0
api-passirence/internal/services/appointment_mapper.go:37.16,39.3 1 0
api-passirence/internal/services/appointment_mapper.go:41.2,42.16 2 0
api-passirence/internal/services/appointment_mapper.go:42.16,44.3 1 0
api-passirence/internal/services/appointment_mapper.go:46.2,47.16 2 0
api-passirence/internal/services/appointment_mapper.go:47.16,49.3 1 0
api-passirence/internal/services/appointment_mapper.go:51.2,52.35 2 0
api-passirence/internal/services/appointment_mapper.go:52.35,54.3 1 0
api-passirence/internal/services/appointment_mapper.go:56.2,57.45 2 0
api-passirence/internal/services/appointment_mapper.go:57.45,59.3 1 0
api-passirence/internal/services/appointment_mapper.go:61.2,62.35 2 0
api-passirence/internal/services/appointment_mapper.go:62.35,64.3 1 0
api-passirence/internal/services/appointment_mapper.go:66.2,67.43 2 0
api-passirence/internal/services/appointment_mapper.go:67.43,74.3 1 0
api-passirence/internal/services/appointment_mapper.go:76.2,76.20 1 0
api-passirence/internal/services/appointment_mapper.go:84.28,88.39 3 1
api-passirence/internal/services/appointment_mapper.go:88.39,90.10 2 1
api-passirence/internal/services/appointment_mapper.go:90.10,91.12 1 1
api-passirence/internal/services/appointment_mapper.go:93.3,97.5 1 1
api-passirence/internal/services/appointment_mapper.go:100.2,112.3 1 1
api-passirence/internal/services/appointment_notification_service.go:20.97,22.2 1 0
api-passirence/internal/services/appointment_notification_service.go:29.3,30.31 1 0
api-passirence/internal/services/appointment_notification_service.go:30.31,32.3 1 0
api-passirence/internal/services/appointment_notification_service.go:34.2,35.9 2 0
api-passirence/internal/services/appointment_notification_service.go:35.9,37.3 1 0
api-passirence/internal/services/appointment_notification_service.go:39.2,48.77 2 0
api-passirence/internal/services/appointment_notification_service.go:48.77,56.3 2 0
api-passirence/internal/services/appointment_notification_service.go:58.2,62.3 1 0
api-passirence/internal/services/appointment_notification_service.go:70.3,71.31 1 0
api-passirence/internal/services/appointment_notification_service.go:71.31,73.3 1 0
api-passirence/internal/services/appointment_notification_service.go:75.2,76.9 2 0
api-passirence/internal/services/appointment_notification_service.go:76.9,78.3 1 0
api-passirence/internal/services/appointment_notification_service.go:80.2,88.71 2 0
api-passirence/internal/services/appointment_notification_service.go:88.71,96.3 2 0
api-passirence/internal/services/appointment_notification_service.go:98.2,102.3 1 0
api-passirence/internal/services/appointment_notification_service.go:105.96,106.48 1 1
api-passirence/internal/services/appointment_notification_service.go:106.48,108.3 1 1
api-passirence/internal/services/appointment_notification_service.go:109.2,109.27 1 0
api-passirence/internal/services/appointment_notification_service.go:125.44,127.16 2 0
api-passirence/internal/services/appointment_notification_service.go:127.16,135.3 2 0
api-passirence/internal/services/appointment_notification_service.go:137.2,138.20 2 0
api-passirence/internal/services/appointment_notification_service.go:138.20,145.3 2 0
api-passirence/internal/services/appointment_notification_service.go:147.2,148.16 2 0
api-passirence/internal/services/appointment_notification_service.go:148.16,155.3 2 0
api-passirence/internal/services/appointment_notification_service.go:157.2,164.19 1 0
api-passirence/internal/services/appointment_notification_service.go:171.49,172.26 1 0
api-passirence/internal/services/appointment_notification_service.go:172.26,174.3 1 0
api-passirence/internal/services/appointment_notification_service.go:176.2,177.16 2 0
api-passirence/internal/services/appointment_notification_service.go:177.16,179.3 1 0
api-passirence/internal/services/appointment_notification_service.go:181.2,181.24 1 0
api-passirence/internal/services/appointment_notification_service.go:181.24,183.3 1 0
api-passirence/internal/services/appointment_notification_service.go:185.2,186.35 2 0
api-passirence/internal/services/appointment_notification_service.go:186.35,189.3 2 0
api-passirence/internal/services/appointment_notification_service.go:191.2,191.51 1 0
api-passirence/internal/services/appointment_notification_service.go:194.70,195.24 1 1
api-passirence/internal/services/appointment_notification_service.go:195.24,197.3 1 1
api-passirence/internal/services/appointment_notification_service.go:198.2,199.32 2 1
api-passirence/internal/services/appointment_notification_service.go:199.32,200.22 1 1
api-passirence/internal/services/appointment_notification_service.go:200.22,202.4 1 1
api-passirence/internal/services/appointment_notification_service.go:204.2,204.21 1 1
api-passirence/internal/services/appointment_notification_service.go:204.21,206.3 1 1
api-passirence/internal/services/appointment_notification_service.go:207.2,207.34 1 1
api-passirence/internal/services/appointment_notification_service.go:210.42,212.16 2 1
api-passirence/internal/services/appointment_notification_service.go:212.16,214.3 1 1
api-passirence/internal/services/appointment_notification_service.go:215.2,215.36 1 1
api-passirence/internal/services/appointment_notification_service.go:218.40,220.19 2 1
api-passirence/internal/services/appointment_notification_service.go:220.19,222.3 1 1
api-passirence/internal/services/appointment_notification_service.go:223.2,223.12 1 1
api-passirence/internal/services/appointment_service.go:24.50,31.2 3 0
api-passirence/internal/services/appointment_service.go:33.125,34.24 1 0
api-passirence/internal/services/appointment_service.go:34.24,35.52 1 0
api-passirence/internal/services/appointment_service.go:35.52,37.4 1 0
api-passirence/internal/services/appointment_service.go:40.2,40.26 1 0
api-passirence/internal/services/appointment_service.go:40.26,42.3 1 0
api-passirence/internal/services/appointment_service.go:44.2,45.16 2 0
api-passirence/internal/services/appointment_service.go:45.16,47.3 1 0
api-passirence/internal/services/appointment_service.go:49.2,49.48 1 0
api-passirence/internal/services/appointment_service.go:52.102,53.13 1 0
api-passirence/internal/services/appointment_service.go:53.13,55.3 1 0
api-passirence/internal/services/appointment_service.go:57.2,58.16 2 0
api-passirence/internal/services/appointment_service.go:58.16,59.41 1 0
api-passirence/internal/services/appointment_service.go:59.41,61.4 1 0
api-passirence/internal/services/appointment_service.go:62.3,62.63 1 0
api-passirence/internal/services/appointment_service.go:65.2,66.16 2 0
api-passirence/internal/services/appointment_service.go:66.16,68.3 1 0
api-passirence/internal/services/appointment_service.go:70.2,70.25 1 0
api-passirence/internal/services/appointment_service.go:73.87,75.16 2 0
api-passirence/internal/services/appointment_service.go:75.16,77.3 1 0
api-passirence/internal/services/appointment_service.go:79.2,82.45 3 0
api-passirence/internal/services/appointment_service.go:82.45,84.57 2 0
api-passirence/internal/services/appointment_service.go:84.57,85.12 1 0
api-passirence/internal/services/appointment_service.go:88.3,90.17 3 0
api-passirence/internal/services/appointment_service.go:90.17,92.4 1 0
api-passirence/internal/services/appointment_service.go:93.3,93.14 1 0
api-passirence/internal/services/appointment_service.go:93.14,94.12 1 0
api-passirence/internal/services/appointment_service.go:97.3,97.33 1 0
api-passirence/internal/services/appointment_service.go:100.2,100.19 1 0
api-passirence/internal/services/appointment_service.go:109.21,110.43 1 0
api-passirence/internal/services/appointment_service.go:110.43,112.3 1 0
api-passirence/internal/services/appointment_service.go:114.2,114.25 1 0
api-passirence/internal/services/appointment_service.go:114.25,116.3 1 0
api-passirence/internal/services/appointment_service.go:118.2,118.26 1 0
api-passirence/internal/services/appointment_service.go:118.26,120.3 1 0
api-passirence/internal/services/appointment_service.go:122.2,123.16 2 0
api-passirence/internal/services/appointment_service.go:123.16,125.3 1 0
api-passirence/internal/services/appointment_service.go:127.2,127.72 1 0
api-passirence/internal/services/appointment_service.go:127.72,129.3 1 0
api-passirence/internal/services/appointment_service.go:131.2,132.16 2 0
api-passirence/internal/services/appointment_service.go:132.16,134.3 1 0
api-passirence/internal/services/appointment_service.go:136.2,139.33 3 0
api-passirence/internal/services/appointment_service.go:139.33,141.3 1 0
api-passirence/internal/services/appointment_service.go:143.2,144.16 2 0
api-passirence/internal/services/appointment_service.go:144.16,146.3 1 0
api-passirence/internal/services/appointment_service.go:147.2,147.19 1 0
api-passirence/internal/services/appointment_service.go:147.19,149.3 1 0
api-passirence/internal/services/appointment_service.go:151.2,152.16 2 0
api-passirence/internal/services/appointment_service.go:152.16,154.3 1 0
api-passirence/internal/services/appointment_service.go:155.2,155.41 1 0
api-passirence/internal/services/appointment_service.go:155.41,157.3 1 0
api-passirence/internal/services/appointment_service.go:159.2,160.16 2 0
api-passirence/internal/services/appointment_service.go:160.16,162.3 1 0
api-passirence/internal/services/appointment_service.go:164.2,165.16 2 0
api-passirence/internal/services/appointment_service.go:165.16,167.3 1 0
api-passirence/internal/services/appointment_service.go:169.2,170.16 2 0
api-passirence/internal/services/appointment_service.go:170.16,172.3 1 0
api-passirence/internal/services/appointment_service.go:174.2,175.16 2 0
api-passirence/internal/services/appointment_service.go:175.16,177.3 1 0
api-passirence/internal/services/appointment_service.go:179.2,188.59 3 0
api-passirence/internal/services/appointment_service.go:192.88,194.2 1 0
api-passirence/internal/services/appointment_service.go:199.38,200.51 1 0
api-passirence/internal/services/appointment_service.go:200.51,202.3 1 0
api-passirence/internal/services/appointment_service.go:204.2,204.108 1 0
api-passirence/internal/services/appointment_service.go:204.108,206.3 1 0
api-passirence/internal/services/appointment_service.go:207.2,210.16 3 0
api-passirence/internal/services/appointment_service.go:210.16,212.3 1 0
api-passirence/internal/services/appointment_service.go:214.2,214.65 1 0
api-passirence/internal/services/appointment_service.go:214.65,216.3 1 0
api-passirence/internal/services/appointment_service.go:218.2,218.76 1 0
api-passirence/internal/services/appointment_service.go:218.76,220.3 1 0
api-passirence/internal/services/appointment_service.go:222.2,223.16 2 0
api-passirence/internal/services/appointment_service.go:223.16,225.3 1 0
api-passirence/internal/services/appointment_service.go:227.2,228.16 2 0
api-passirence/internal/services/appointment_service.go:228.16,230.3 1 0
api-passirence/internal/services/appointment_service.go:232.2,232.63 1 0
api-passirence/internal/services/appointment_service.go:232.63,234.3 1 0
api-passirence/internal/services/appointment_service.go:236.2,248.17 1 0
api-passirence/internal/services/appointment_service.go:248.17,250.3 1 0
api-passirence/internal/services/appointment_service.go:252.2,253.16 2 0
api-passirence/internal/services/appointment_service.go:253.16,255.3 1 0
api-passirence/internal/services/appointment_service.go:257.2,267.101 2 0
api-passirence/internal/services/appointment_service.go:267.101,269.3 1 0
api-passirence/internal/services/appointment_service.go:271.2,274.16 3 0
api-passirence/internal/services/appointment_service.go:274.16,276.3 1 0
api-passirence/internal/services/appointment_service.go:278.2,280.20 2 0
api-passirence/internal/services/appointment_service.go:287.38,288.13 1 0
api-passirence/internal/services/appointment_service.go:288.13,290.3 1 0
api-passirence/internal/services/appointment_service.go:292.2,292.62 1 0
api-passirence/internal/services/appointment_service.go:292.62,294.3 1 0
api-passirence/internal/services/appointment_service.go:296.2,297.16 2 0
api-passirence/internal/services/appointment_service.go:297.16,298.41 1 0
api-passirence/internal/services/appointment_service.go:298.41,300.4 1 0
api-passirence/internal/services/appointment_service.go:301.3,301.63 1 0
api-passirence/internal/services/appointment_service.go:304.2,304.56 1 0
api-passirence/internal/services/appointment_service.go:304.56,306.3 1 0
api-passirence/internal/services/appointment_service.go:308.2,309.62 2 0
api-passirence/internal/services/appointment_service.go:309.62,311.3 1 0
api-passirence/internal/services/appointment_service.go:313.2,314.16 2 0
api-passirence/internal/services/appointment_service.go:314.16,316.3 1 0
api-passirence/internal/services/appointment_service.go:318.2,318.76 1 0
api-passirence/internal/services/appointment_service.go:318.76,320.3 1 0
api-passirence/internal/services/appointment_service.go:322.2,323.16 2 0
api-passirence/internal/services/appointment_service.go:323.16,325.3 1 0
api-passirence/internal/services/appointment_service.go:327.2,328.16 2 0
api-passirence/internal/services/appointment_service.go:328.16,330.3 1 0
api-passirence/internal/services/appointment_service.go:332.2,333.27 2 0
api-passirence/internal/services/appointment_service.go:333.27,346.18 1 0
api-passirence/internal/services/appointment_service.go:346.18,348.4 1 0
api-passirence/internal/services/appointment_service.go:351.2,352.16 2 0
api-passirence/internal/services/appointment_service.go:352.16,354.3 1 0
api-passirence/internal/services/appointment_service.go:356.2,362.98 6 0
api-passirence/internal/services/appointment_service.go:362.98,364.3 1 0
api-passirence/internal/services/appointment_service.go:366.2,366.27 1 0
api-passirence/internal/services/appointment_service.go:369.112,371.16 2 0
api-passirence/internal/services/appointment_service.go:371.16,373.3 1 0
api-passirence/internal/services/appointment_service.go:375.2,376.50 2 0
api-passirence/internal/services/appointment_service.go:376.50,378.3 1 0
api-passirence/internal/services/appointment_service.go:380.2,380.50 1 0
api-passirence/internal/services/appointment_service.go:380.50,382.3 1 0
api-passirence/internal/services/appointment_service.go:384.2,384.105 1 0
api-passirence/internal/services/appointment_service.go:384.105,386.3 1 0
api-passirence/internal/services/appointment_service.go:388.2,389.16 2 0
api-passirence/internal/services/appointment_service.go:389.16,391.3 1 0
api-passirence/internal/services/appointment_service.go:393.2,395.20 2 0
api-passirence/internal/services/appointment_service.go:398.112,400.16 2 0
api-passirence/internal/services/appointment_service.go:400.16,401.41 1 0
api-passirence/internal/services/appointment_service.go:401.41,403.4 1 0
api-passirence/internal/services/appointment_service.go:404.3,404.63 1 0
api-passirence/internal/services/appointment_service.go:407.2,408.50 2 0
api-passirence/internal/services/appointment_service.go:408.50,410.3 1 0
api-passirence/internal/services/appointment_service.go:412.2,412.50 1 0
api-passirence/internal/services/appointment_service.go:412.50,414.3 1 0
api-passirence/internal/services/appointment_service.go:416.2,416.56 1 0
api-passirence/internal/services/appointment_service.go:416.56,418.3 1 0
api-passirence/internal/services/appointment_service.go:420.2,420.105 1 0
api-passirence/internal/services/appointment_service.go:420.105,422.3 1 0
api-passirence/internal/services/appointment_service.go:424.2,424.27 1 0
api-passirence/internal/services/appointment_service.go:427.109,428.13 1 0
api-passirence/internal/services/appointment_service.go:428.13,430.3 1 0
api-passirence/internal/services/appointment_service.go:432.2,433.16 2 0
api-passirence/internal/services/appointment_service.go:433.16,434.41 1 0
api-passirence/internal/services/appointment_service.go:434.41,436.4 1 0
api-passirence/internal/services/appointment_service.go:437.3,437.63 1 0
api-passirence/internal/services/appointment_service.go:440.2,440.25 1 0
api-passirence/internal/services/appointment_service.go:457.108,458.32 1 0
api-passirence/internal/services/appointment_service.go:458.32,459.81 1 0
api-passirence/internal/services/appointment_service.go:459.81,461.4 1 0
api-passirence/internal/services/appointment_service.go:464.2,467.31 3 0
api-passirence/internal/services/appointment_service.go:467.31,468.34 1 0
api-passirence/internal/services/appointment_service.go:468.34,470.4 1 0
api-passirence/internal/services/appointment_service.go:473.2,474.16 2 0
api-passirence/internal/services/appointment_service.go:474.16,476.3 1 0
api-passirence/internal/services/appointment_service.go:478.2,478.60 1 0
api-passirence/internal/services/appointment_service.go:478.60,480.17 2 0
api-passirence/internal/services/appointment_service.go:480.17,482.4 1 0
api-passirence/internal/services/appointment_service.go:484.3,485.17 2 0
api-passirence/internal/services/appointment_service.go:485.17,487.4 1 0
api-passirence/internal/services/appointment_service.go:489.3,489.84 1 0
api-passirence/internal/services/appointment_service.go:489.84,491.4 1 0
api-passirence/internal/services/appointment_service.go:494.2,494.81 1 0
api-passirence/internal/services/appointment_service.go:494.81,496.3 1 0
api-passirence/internal/services/appointment_service.go:498.2,499.16 2 0
api-passirence/internal/services/appointment_service.go:499.16,501.3 1 0
api-passirence/internal/services/appointment_service.go:502.2,502.19 1 0
api-passirence/internal/services/appointment_service.go:502.19,504.3 1 0
api-passirence/internal/services/appointment_service.go:506.2,507.16 2 0
api-passirence/internal/services/appointment_service.go:507.16,509.3 1 0
api-passirence/internal/services/appointment_service.go:510.2,510.41 1 0
api-passirence/internal/services/appointment_service.go:510.41,512.3 1 0
api-passirence/internal/services/appointment_service.go:514.2,515.16 2 0
api-passirence/internal/services/appointment_service.go:515.16,517.3 1 0
api-passirence/internal/services/appointment_service.go:519.2,519.72 1 0
api-passirence/internal/services/appointment_service.go:519.72,521.3 1 0
api-passirence/internal/services/appointment_service.go:523.2,523.12 1 0
api-passirence/internal/services/appointment_service.go:526.100,528.39 2 1
api-passirence/internal/services/appointment_service.go:528.39,533.3 1 1
api-passirence/internal/services/appointment_service.go:534.2,534.14 1 1
api-passirence/internal/services/appointment_service.go:537.116,539.16 2 0
api-passirence/internal/services/appointment_service.go:539.16,540.41 1 0
api-passirence/internal/services/appointment_service.go:540.41,542.4 1 0
api-passirence/internal/services/appointment_service.go:543.3,543.74 1 0
api-passirence/internal/services/appointment_service.go:546.2,547.16 2 0
api-passirence/internal/services/appointment_service.go:547.16,549.3 1 0
api-passirence/internal/services/appointment_service.go:551.2,551.27 1 0
api-passirence/internal/services/appointment_service.go:554.105,555.26 1 0
api-passirence/internal/services/appointment_service.go:555.26,557.3 1 0
api-passirence/internal/services/appointment_service.go:559.2,561.16 3 0
api-passirence/internal/services/appointment_service.go:561.16,563.3 1 0
api-passirence/internal/services/appointment_service.go:565.2,566.35 2 0
api-passirence/internal/services/appointment_service.go:566.35,568.3 1 0
api-passirence/internal/services/appointment_service.go:570.2,570.40 1 0
api-passirence/internal/services/appointment_service.go:570.40,572.3 1 0
api-passirence/internal/services/appointment_service.go:574.2,575.32 2 0
api-passirence/internal/services/appointment_service.go:575.32,576.14 1 0
api-passirence/internal/services/appointment_service.go:576.14,578.4 1 0
api-passirence/internal/services/appointment_service.go:580.3,581.10 2 0
api-passirence/internal/services/appointment_service.go:581.10,583.4 1 0
api-passirence/internal/services/appointment_service.go:585.3,585.27 1 0
api-passirence/internal/services/appointment_service.go:585.27,587.4 1 0
api-passirence/internal/services/appointment_service.go:589.3,589.27 1 0
api-passirence/internal/services/appointment_service.go:592.2,592.19 1 0
api-passirence/internal/services/appointment_service.go:595.85,597.16 2 0
api-passirence/internal/services/appointment_service.go:597.16,598.41 1 0
api-passirence/internal/services/appointment_service.go:598.41,600.4 1 0
api-passirence/internal/services/appointment_service.go:601.3,601.54 1 0
api-passirence/internal/services/appointment_service.go:603.2,603.20 1 0
api-passirence/internal/services/appointment_service.go:603.20,609.3 1 0
api-passirence/internal/services/appointment_service.go:610.2,610.12 1 0
api-passirence/internal/services/appointment_service.go:613.90,615.16 2 0
api-passirence/internal/services/appointment_service.go:615.16,616.41 1 0
api-passirence/internal/services/appointment_service.go:616.41,618.4 1 0
api-passirence/internal/services/appointment_service.go:619.3,619.59 1 0
api-passirence/internal/services/appointment_service.go:621.2,621.12 1 0
api-passirence/internal/services/appointment_service.go:624.84,627.2 2 1
api-passirence/internal/services/appointment_service.go:629.110,630.37 1 1
api-passirence/internal/services/appointment_service.go:630.37,631.30 1 1
api-passirence/internal/services/appointment_service.go:631.30,633.4 1 1
api-passirence/internal/services/appointment_service.go:635.2,635.37 1 1
api-passirence/internal/services/appointment_service.go:638.38,639.16 1 1
api-passirence/internal/services/appointment_service.go:639.16,641.3 1 1
api-passirence/internal/services/appointment_service.go:642.2,642.65 1 1
api-passirence/internal/services/appointment_service.go:642.65,644.3 1 1
api-passirence/internal/services/appointment_service.go:645.2,645.12 1 1
api-passirence/internal/services/appointment_service.go:648.70,651.24 3 1
api-passirence/internal/services/appointment_service.go:651.24,653.3 1 1
api-passirence/internal/services/appointment_service.go:654.2,654.12 1 1
api-passirence/internal/services/appointment_service.go:657.70,658.16 1 1
api-passirence/internal/services/appointment_service.go:658.16,660.3 1 1
api-passirence/internal/services/appointment_service.go:661.2,661.23 1 1
api-passirence/internal/services/appointment_service.go:661.23,663.3 1 1
api-passirence/internal/services/appointment_service.go:664.2,664.29 1 1
api-passirence/internal/services/appointment_service.go:664.29,666.3 1 1
api-passirence/internal/services/appointment_service.go:667.2,667.30 1 1
api-passirence/internal/services/appointment_service.go:667.30,669.3 1 1
api-passirence/internal/services/appointment_service.go:670.2,670.47 1 1
api-passirence/internal/services/appointment_service.go:670.47,672.3 1 1
api-passirence/internal/services/appointment_service.go:673.2,673.25 1 1
api-passirence/internal/services/appointment_service.go:673.25,675.3 1 1
api-passirence/internal/services/appointment_service.go:676.2,676.67 1 1
api-passirence/internal/services/appointment_service.go:676.67,678.3 1 1
api-passirence/internal/services/appointment_service.go:679.2,679.108 1 1
api-passirence/internal/services/appointment_service.go:679.108,681.3 1 1
api-passirence/internal/services/appointment_service.go:682.2,682.12 1 1
api-passirence/internal/services/appointment_service.go:685.81,686.16 1 1
api-passirence/internal/services/appointment_service.go:686.16,688.3 1 1
api-passirence/internal/services/appointment_service.go:689.2,689.29 1 1
api-passirence/internal/services/appointment_service.go:689.29,691.3 1 1
api-passirence/internal/services/appointment_service.go:692.2,692.30 1 1
api-passirence/internal/services/appointment_service.go:692.30,694.3 1 1
api-passirence/internal/services/appointment_service.go:695.2,695.47 1 1
api-passirence/internal/services/appointment_service.go:695.47,697.3 1 0
api-passirence/internal/services/appointment_service.go:698.2,698.25 1 1
api-passirence/internal/services/appointment_service.go:698.25,700.3 1 0
api-passirence/internal/services/appointment_service.go:701.2,701.67 1 1
api-passirence/internal/services/appointment_service.go:701.67,703.3 1 0
api-passirence/internal/services/appointment_service.go:704.2,704.22 1 1
api-passirence/internal/services/appointment_service.go:704.22,706.3 1 1
api-passirence/internal/services/appointment_service.go:707.2,707.12 1 1
api-passirence/internal/services/appointment_service.go:710.68,712.32 2 1
api-passirence/internal/services/appointment_service.go:712.32,714.3 1 1
api-passirence/internal/services/appointment_service.go:715.2,715.12 1 1
api-passirence/internal/services/appointment_service.go:718.37,722.31 3 1
api-passirence/internal/services/appointment_service.go:722.31,723.17 1 1
api-passirence/internal/services/appointment_service.go:723.17,724.12 1 1
api-passirence/internal/services/appointment_service.go:726.3,726.39 1 1
api-passirence/internal/services/appointment_service.go:726.39,727.12 1 1
api-passirence/internal/services/appointment_service.go:729.3,730.33 2 1
api-passirence/internal/services/appointment_service.go:733.2,733.15 1 1
api-passirence/internal/services/appointment_service.go:736.54,738.15 2 1
api-passirence/internal/services/appointment_service.go:738.15,740.3 1 1
api-passirence/internal/services/appointment_service.go:742.2,745.29 3 1
api-passirence/internal/services/appointment_service.go:745.29,747.17 2 1
api-passirence/internal/services/appointment_service.go:747.17,748.12 1 1
api-passirence/internal/services/appointment_service.go:751.3,752.28 2 1
api-passirence/internal/services/appointment_service.go:752.28,754.4 1 1
api-passirence/internal/services/appointment_service.go:756.3,756.24 1 1
api-passirence/internal/services/appointment_service.go:759.2,759.19 1 1
api-passirence/internal/services/appointment_service.go:759.19,761.3 1 1
api-passirence/internal/services/appointment_service.go:763.2,763.17 1 1
api-passirence/internal/services/appointment_service.go:766.89,769.40 2 1
api-passirence/internal/services/appointment_service.go:769.40,770.44 1 1
api-passirence/internal/services/appointment_service.go:770.44,772.4 1 1
api-passirence/internal/services/appointment_service.go:773.3,773.22 1 1
api-passirence/internal/services/appointment_service.go:776.2,776.48 1 1
api-passirence/internal/services/appointment_service.go:776.48,778.28 2 1
api-passirence/internal/services/appointment_service.go:778.28,780.4 1 1
api-passirence/internal/services/appointment_service.go:781.3,781.30 1 1
api-passirence/internal/services/appointment_service.go:784.2,784.42 1 1
api-passirence/internal/services/appointment_service.go:784.42,786.28 2 1
api-passirence/internal/services/appointment_service.go:786.28,788.4 1 1
api-passirence/internal/services/appointment_service.go:789.3,789.24 1 1
api-passirence/internal/services/appointment_service.go:792.2,792.46 1 1
api-passirence/internal/services/appointment_service.go:792.46,794.3 1 1
api-passirence/internal/services/appointment_service.go:796.2,796.21 1 1
api-passirence/internal/services/availability.go:17.33,24.16 2 0
api-passirence/internal/services/availability.go:24.16,26.3 1 0
api-passirence/internal/services/availability.go:28.2,29.16 2 0
api-passirence/internal/services/availability.go:29.16,31.3 1 0
api-passirence/internal/services/availability.go:33.2,34.16 2 0
api-passirence/internal/services/availability.go:34.16,36.3 1 0
api-passirence/internal/services/availability.go:38.2,39.16 2 0
api-passirence/internal/services/availability.go:39.16,41.3 1 0
api-passirence/internal/services/availability.go:43.2,43.42 1 0
api-passirence/internal/services/availability.go:46.89,48.16 2 0
api-passirence/internal/services/availability.go:48.16,50.3 1 0
api-passirence/internal/services/availability.go:51.2,51.49 1 0
api-passirence/internal/services/availability.go:54.93,56.43 2 1
api-passirence/internal/services/availability.go:56.43,57.60 1 1
api-passirence/internal/services/availability.go:57.60,58.12 1 1
api-passirence/internal/services/availability.go:60.3,61.17 2 1
api-passirence/internal/services/availability.go:61.17,63.4 1 1
api-passirence/internal/services/availability.go:64.3,64.33 1 1
api-passirence/internal/services/availability.go:66.2,66.18 1 1
api-passirence/internal/services/cliente_service.go:11.46,13.2 1 0
api-passirence/internal/services/cliente_service.go:15.52,17.2 1 0
api-passirence/internal/services/cliente_service.go:19.51,22.2 2 0
api-passirence/internal/services/cliente_service.go:24.51,27.2 2 0
api-passirence/internal/services/cliente_service.go:29.93,31.50 2 0
api-passirence/internal/services/cliente_service.go:31.50,33.3 1 0
api-passirence/internal/services/cliente_service.go:35.2,36.16 2 0
api-passirence/internal/services/cliente_service.go:36.16,37.41 1 0
api-passirence/internal/services/cliente_service.go:37.41,39.4 1 0
api-passirence/internal/services/cliente_service.go:40.3,40.59 1 0
api-passirence/internal/services/cliente_service.go:43.2,44.21 2 0
api-passirence/internal/services/cliente_service.go:47.51,49.2 1 0
api-passirence/internal/services/cliente_service.go:51.44,53.16 2 0
api-passirence/internal/services/cliente_service.go:53.16,55.3 1 0
api-passirence/internal/services/cliente_service.go:57.2,59.54 2 0
api-passirence/internal/services/profissional_service.go:9.56,11.2 1 0
api-passirence/internal/services/profissional_service.go:13.62,15.2 1 0
api-passirence/internal/services/profissional_service.go:17.66,20.2 1 0
api-passirence/internal/services/profissional_service.go:22.66,25.2 1 0
api-passirence/internal/services/profissional_service.go:27.66,30.2 1 0
api-passirence/internal/services/profissional_service.go:32.49,35.16 2 0
api-passirence/internal/services/profissional_service.go:35.16,37.3 1 0
api-passirence/internal/services/profissional_service.go:39.2,41.64 2 0
api-passirence/internal/services/schedule_block_service.go:15.54,17.2 1 1
api-passirence/internal/services/schedule_block_service.go:19.135,21.16 2 0
api-passirence/internal/services/schedule_block_service.go:21.16,23.3 1 0
api-passirence/internal/services/schedule_block_service.go:25.2,25.55 1 0
api-passirence/internal/services/schedule_block_service.go:25.55,27.3 1 0
api-passirence/internal/services/schedule_block_service.go:29.2,29.69 1 0
api-passirence/internal/services/schedule_block_service.go:29.69,31.3 1 0
api-passirence/internal/services/schedule_block_service.go:33.2,33.47 1 0
api-passirence/internal/services/schedule_block_service.go:36.133,38.16 2 0
api-passirence/internal/services/schedule_block_service.go:38.16,40.3 1 0
api-passirence/internal/services/schedule_block_service.go:42.2,43.24 2 0
api-passirence/internal/services/schedule_block_service.go:43.24,45.3 1 0
api-passirence/internal/services/schedule_block_service.go:47.2,47.20 1 0
api-passirence/internal/services/schedule_block_service.go:50.106,51.13 1 0
api-passirence/internal/services/schedule_block_service.go:51.13,53.3 1 0
api-passirence/internal/services/schedule_block_service.go:55.2,56.16 2 0
api-passirence/internal/services/schedule_block_service.go:56.16,57.41 1 0
api-passirence/internal/services/schedule_block_service.go:57.41,59.4 1 0
api-passirence/internal/services/schedule_block_service.go:60.3,60.60 1 0
api-passirence/internal/services/schedule_block_service.go:63.2,63.47 1 0
api-passirence/internal/services/schedule_block_service.go:66.143,67.13 1 0
api-passirence/internal/services/schedule_block_service.go:67.13,69.3 1 0
api-passirence/internal/services/schedule_block_service.go:71.2,72.16 2 0
api-passirence/internal/services/schedule_block_service.go:72.16,73.41 1 0
api-passirence/internal/services/schedule_block_service.go:73.41,75.4 1 0
api-passirence/internal/services/schedule_block_service.go:76.3,76.60 1 0
api-passirence/internal/services/schedule_block_service.go:79.2,80.16 2 0
api-passirence/internal/services/schedule_block_service.go:80.16,82.3 1 0
api-passirence/internal/services/schedule_block_service.go:83.2,85.56 2 0
api-passirence/internal/services/schedule_block_service.go:85.56,87.3 1 0
api-passirence/internal/services/schedule_block_service.go:89.2,89.69 1 0
api-passirence/internal/services/schedule_block_service.go:89.69,91.3 1 0
api-passirence/internal/services/schedule_block_service.go:93.2,93.47 1 0
api-passirence/internal/services/schedule_block_service.go:96.74,97.13 1 0
api-passirence/internal/services/schedule_block_service.go:97.13,99.3 1 0
api-passirence/internal/services/schedule_block_service.go:101.2,102.16 2 0
api-passirence/internal/services/schedule_block_service.go:102.16,103.41 1 0
api-passirence/internal/services/schedule_block_service.go:103.41,105.4 1 0
api-passirence/internal/services/schedule_block_service.go:106.3,106.55 1 0
api-passirence/internal/services/schedule_block_service.go:109.2,109.66 1 0
api-passirence/internal/services/schedule_block_service.go:109.66,111.3 1 0
api-passirence/internal/services/schedule_block_service.go:113.2,113.12 1 0
api-passirence/internal/services/schedule_block_service.go:116.122,117.16 1 1
api-passirence/internal/services/schedule_block_service.go:117.16,119.3 1 1
api-passirence/internal/services/schedule_block_service.go:121.2,130.8 1 1
api-passirence/internal/services/schedule_block_service.go:133.130,134.16 1 1
api-passirence/internal/services/schedule_block_service.go:134.16,136.3 1 1
api-passirence/internal/services/schedule_block_service.go:138.2,148.8 1 1
api-passirence/internal/services/schedule_block_service.go:151.117,152.22 1 0
api-passirence/internal/services/schedule_block_service.go:152.22,154.3 1 0
api-passirence/internal/services/schedule_block_service.go:156.2,156.83 1 0
api-passirence/internal/services/schedule_block_service.go:156.83,158.3 1 0
api-passirence/internal/services/schedule_block_service.go:160.2,160.23 1 0
api-passirence/internal/services/schedule_block_service.go:160.23,161.27 1 0
api-passirence/internal/services/schedule_block_service.go:161.27,163.4 1 0
api-passirence/internal/services/schedule_block_service.go:164.3,164.47 1 0
api-passirence/internal/services/schedule_block_service.go:164.47,166.4 1 0
api-passirence/internal/services/schedule_block_service.go:167.3,167.45 1 0
api-passirence/internal/services/schedule_block_service.go:167.45,169.4 1 0
api-passirence/internal/services/schedule_block_service.go:170.8,171.45 1 0
api-passirence/internal/services/schedule_block_service.go:171.45,173.4 1 0
api-passirence/internal/services/schedule_block_service.go:174.3,174.51 1 0
api-passirence/internal/services/schedule_block_service.go:174.51,176.4 1 0
api-passirence/internal/services/schedule_block_service.go:177.3,177.27 1 0
api-passirence/internal/services/schedule_block_service.go:177.27,179.4 1 0
api-passirence/internal/services/schedule_block_service.go:182.2,182.63 1 0
api-passirence/internal/services/schedule_block_service.go:182.63,184.3 1 0
api-passirence/internal/services/schedule_block_service.go:186.2,186.33 1 0
api-passirence/internal/services/schedule_block_service.go:186.33,187.78 1 0
api-passirence/internal/services/schedule_block_service.go:187.78,189.4 1 0
api-passirence/internal/services/schedule_block_service.go:192.2,193.16 2 0
api-passirence/internal/services/schedule_block_service.go:193.16,195.3 1 0
api-passirence/internal/services/schedule_block_service.go:197.2,198.16 2 0
api-passirence/internal/services/schedule_block_service.go:198.16,200.3 1 0
api-passirence/internal/services/schedule_block_service.go:202.2,203.16 2 0
api-passirence/internal/services/schedule_block_service.go:203.16,205.3 1 0
api-passirence/internal/services/schedule_block_service.go:207.2,207.52 1 0
api-passirence/internal/services/schedule_block_service.go:207.52,209.3 1 0
api-passirence/internal/services/schedule_block_service.go:211.2,211.12 1 0
api-passirence/internal/services/schedule_block_service.go:214.90,226.2 1 1
api-passirence/internal/services/schedule_block_service.go:228.66,230.16 2 0
api-passirence/internal/services/schedule_block_service.go:230.16,231.41 1 0
api-passirence/internal/services/schedule_block_service.go:231.41,233.4 1 0
api-passirence/internal/services/schedule_block_service.go:234.3,234.59 1 0
api-passirence/internal/services/schedule_block_service.go:236.2,236.12 1 0
api-passirence/internal/services/servico_service.go:8.51,11.2 1 0
api-passirence/internal/services/servico_service.go:13.46,16.2 1 0
api-passirence/internal/services/servico_service.go:18.34,21.2 1 0
api-passirence/internal/services/servico_service.go:23.51,26.2 1 0
api-passirence/internal/services/settings_service.go:25.44,27.2 1 0
api-passirence/internal/services/settings_service.go:29.92,31.16 2 0
api-passirence/internal/services/settings_service.go:31.16,32.41 1 0
api-passirence/internal/services/settings_service.go:32.41,34.4 1 0
api-passirence/internal/services/settings_service.go:35.3,35.67 1 0
api-passirence/internal/services/settings_service.go:38.2,38.42 1 0
api-passirence/internal/services/settings_service.go:41.128,42.51 1 0
api-passirence/internal/services/settings_service.go:42.51,44.3 1 0
api-passirence/internal/services/settings_service.go:46.2,47.55 2 0
api-passirence/internal/services/settings_service.go:47.55,49.3 1 0
api-passirence/internal/services/settings_service.go:51.2,51.40 1 0
api-passirence/internal/services/settings_service.go:51.40,53.3 1 0
api-passirence/internal/services/settings_service.go:55.2,61.83 5 0
api-passirence/internal/services/settings_service.go:61.83,63.3 1 0
api-passirence/internal/services/settings_service.go:65.2,66.16 2 0
api-passirence/internal/services/settings_service.go:66.16,68.3 1 0
api-passirence/internal/services/settings_service.go:70.2,70.41 1 0
api-passirence/internal/services/settings_service.go:73.67,74.16 1 1
api-passirence/internal/services/settings_service.go:74.16,76.3 1 1
api-passirence/internal/services/settings_service.go:78.2,78.24 1 1
api-passirence/internal/services/settings_service.go:78.24,80.3 1 1
api-passirence/internal/services/settings_service.go:82.2,82.59 1 1
api-passirence/internal/services/settings_service.go:82.59,84.3 1 1
api-passirence/internal/services/settings_service.go:86.2,86.27 1 1
api-passirence/internal/services/settings_service.go:86.27,88.3 1 1
api-passirence/internal/services/settings_service.go:90.2,90.28 1 1
api-passirence/internal/services/settings_service.go:90.28,92.3 1 1
api-passirence/internal/services/settings_service.go:94.2,94.29 1 1
api-passirence/internal/services/settings_service.go:94.29,96.3 1 1
api-passirence/internal/services/settings_service.go:98.2,98.33 1 1
api-passirence/internal/services/settings_service.go:98.33,100.3 1 1
api-passirence/internal/services/settings_service.go:102.2,104.41 2 1
api-passirence/internal/services/settings_service.go:104.41,105.43 1 1
api-passirence/internal/services/settings_service.go:105.43,107.4 1 1
api-passirence/internal/services/settings_service.go:109.3,109.54 1 1
api-passirence/internal/services/settings_service.go:109.54,111.4 1 1
api-passirence/internal/services/settings_service.go:112.3,114.18 2 1
api-passirence/internal/services/settings_service.go:114.18,115.51 1 1
api-passirence/internal/services/settings_service.go:115.51,117.5 1 1
api-passirence/internal/services/settings_service.go:119.4,119.44 1 1
api-passirence/internal/services/settings_service.go:119.44,121.5 1 1
api-passirence/internal/services/settings_service.go:123.4,123.45 1 1
api-passirence/internal/services/settings_service.go:123.45,125.5 1 0
api-passirence/internal/services/settings_service.go:127.4,127.56 1 1
api-passirence/internal/services/settings_service.go:127.56,129.5 1 1
api-passirence/internal/services/settings_service.go:133.2,133.12 1 1
api-passirence/internal/services/settings_service.go:136.56,139.39 3 1
api-passirence/internal/services/settings_service.go:139.39,141.3 1 1
api-passirence/internal/services/settings_service.go:142.2,142.27 1 1
api-passirence/internal/services/settings_service.go:145.77,147.31 2 1
api-passirence/internal/services/settings_service.go:147.31,154.3 1 1
api-passirence/internal/services/settings_service.go:155.2,155.14 1 1
api-passirence/internal/services/settings_service.go:158.85,161.57 2 1
api-passirence/internal/services/settings_service.go:161.57,163.3 1 1
api-passirence/internal/services/settings_service.go:165.2,165.46 1 1
api-passirence/internal/services/settings_service.go:165.46,170.18 2 1
api-passirence/internal/services/settings_service.go:170.18,173.4 2 1
api-passirence/internal/services/settings_service.go:174.3,174.18 1 1
api-passirence/internal/services/settings_service.go:177.2,182.3 1 1
api-passirence/internal/services/settings_service.go:185.55,192.2 1 1
